

Microchip MPLAB XC8 Assembler V2.50 build 20240725155939 
                                                                                                           Fri Dec 20 22:58:57 2024


     1                           	processor	18F45K22
     2                           	pagewidth 132
     3                           	psect	const,global,reloc=2,class=CONST,space=0,delta=1,noexec
     4                           	psect	smallconst,global,reloc=2,class=SMALLCONST,space=0,delta=1,noexec
     5                           	psect	mediumconst,global,reloc=2,class=MEDIUMCONST,space=0,delta=1,noexec
     6                           	psect	rbss,global,class=COMRAM,space=1,delta=1,noexec
     7                           	psect	bss,global,class=RAM,space=1,delta=1,noexec
     8                           	psect	rdata,global,class=COMRAM,space=1,delta=1,noexec
     9                           	psect	irdata,global,reloc=2,class=CODE,space=0,delta=1,noexec
    10                           	psect	data,global,class=RAM,space=1,delta=1,noexec
    11                           	psect	idata,global,reloc=2,class=CODE,space=0,delta=1,noexec
    12                           	psect	nvrram,global,class=COMRAM,space=1,delta=1,noexec
    13                           	psect	nvbit,global,bit,class=COMRAM,space=1,delta=1,noexec
    14                           	psect	temp,global,ovrld,class=COMRAM,space=1,delta=1,noexec
    15                           	psect	struct,global,ovrld,class=COMRAM,space=1,delta=1,noexec
    16                           	psect	rbit,global,bit,class=COMRAM,space=1,delta=1,noexec
    17                           	psect	bigbss,global,class=BIGRAM,space=1,delta=1,noexec
    18                           	psect	bigdata,global,class=BIGRAM,space=1,delta=1,noexec
    19                           	psect	ibigdata,global,reloc=2,class=CODE,space=0,delta=1,noexec
    20                           	psect	farbss,global,reloc=2,class=FARRAM,space=0,delta=1,noexec
    21                           	psect	nvFARRAM,global,reloc=2,class=FARRAM,space=0,delta=1,noexec
    22                           	psect	fardata,global,reloc=2,class=FARRAM,space=0,delta=1,noexec
    23                           	psect	ifardata,global,reloc=2,class=CODE,space=0,delta=1,noexec
    24                           	psect	reset_vec,global,reloc=2,class=CODE,space=0,delta=1
    25                           	psect	powerup,global,reloc=2,class=CODE,space=0,delta=1
    26                           	psect	init,global,reloc=2,class=CODE,space=0,delta=1
    27                           	psect	text,global,reloc=2,class=CODE,space=0,delta=1
    28                           	psect	clrtext,global,reloc=2,class=CODE,space=0,delta=1
    29                           	psect	config,global,class=CONFIG,space=4,delta=1,noexec
    30                           	psect	idloc,global,class=IDLOC,space=5,delta=1,noexec
    31                           	psect	intcode,global,reloc=2,class=CODE,space=0,delta=1
    32                           	psect	sivt_hi,global,reloc=2,class=CODE,space=0,delta=1
    33                           	psect	intcode_body,global,reloc=2,class=CODE,space=0,delta=1
    34                           	psect	intcodelo,global,reloc=2,class=CODE,space=0,delta=1
    35                           	psect	sivt_lo,global,reloc=2,class=CODE,space=0,delta=1
    36                           	psect	intret,global,reloc=2,class=CODE,space=0,delta=1
    37                           	psect	intentry,global,reloc=2,class=CODE,space=0,delta=1
    38                           	psect	intsave_regs,global,class=BIGRAM,space=1,delta=1
    39                           	psect	eeprom_data,global,class=EEDATA,space=0,delta=1,noexec
    40                           	psect	ramtop,global,class=RAM,space=0,delta=1,noexec
    41                           	psect	stack,global,class=STACK,space=2,delta=1,noexec
    42                           	psect	heap,global,class=HEAP,space=7,delta=1,noexec
    43                           	psect	comram,global,class=COMRAM,space=1,delta=1
    44                           	psect	abs1,global,class=ABS1,space=1,delta=1
    45                           	psect	bigram,global,class=BIGRAM,space=1,delta=1
    46                           	psect	ram,global,class=RAM,space=1,delta=1
    47                           	psect	bank0,global,class=BANK0,space=1,delta=1
    48                           	psect	bank1,global,class=BANK1,space=1,delta=1
    49                           	psect	bank2,global,class=BANK2,space=1,delta=1
    50                           	psect	bank3,global,class=BANK3,space=1,delta=1
    51                           	psect	bank4,global,class=BANK4,space=1,delta=1
    52                           	psect	bank5,global,class=BANK5,space=1,delta=1
    53                           	psect	sfr,global,class=SFR,space=1,delta=1
    54                           	psect	bigsfr,global,class=BIGSFR,space=1,delta=1
    55                           
    56                           ; Microchip MPLAB XC8 C Compiler V2.50
    57                           ; Copyright (C) 2024 Microchip Technology Inc.
    58                           ; Auto-generated runtime startup code for final link stage.
    59                           ;
    60                           ; Compiler options:
    61                           ;
    62                           ; -G --chip=18F45K22 -ODebug.cof main.p1 GLCD.p1 test.p1 utils.p1 \
    63                           ; initPIC.p1
    64                           ;
    65   000000                     
    66                           ; Generated 25/07/2024 GMT
    67                           ; 
    68                           ; Copyright © 2024, Microchip Technology Inc. and its subsidiaries ("Microchip")
    69                           ; All rights reserved.
    70                           ; 
    71                           ; This software is developed by Microchip Technology Inc. and its subsidiaries ("Microchip").
    72                           ; 
    73                           ; Redistribution and use in source and binary forms, with or without modification, are
    74                           ; permitted provided that the following conditions are met:
    75                           ; 
    76                           ;     1. Redistributions of source code must retain the above copyright notice, this list of
    77                           ;        conditions and the following disclaimer.
    78                           ; 
    79                           ;     2. Redistributions in binary form must reproduce the above copyright notice, this list
    80                           ;        of conditions and the following disclaimer in the documentation and/or other
    81                           ;        materials provided with the distribution. Publication is not required when
    82                           ;        this file is used in an embedded application.
    83                           ; 
    84                           ;     3. Microchip's name may not be used to endorse or promote products derived from this
    85                           ;        software without specific prior written permission.
    86                           ; 
    87                           ; THIS SOFTWARE IS PROVIDED BY MICROCHIP "AS IS" AND ANY EXPRESS OR IMPLIED WARRANTIES,
    88                           ; INCLUDING, BUT NOT LIMITED TO, THE IMPLIED WARRANTIES OF MERCHANTABILITY AND FITNESS FOR
    89                           ; PURPOSE ARE DISCLAIMED.  IN NO EVENT SHALL MICROCHIP BE LIABLE FOR ANY DIRECT, INDIRECT,
    90                           ; INCIDENTAL, SPECIAL, EXEMPLARY, OR CONSEQUENTIAL DAMAGES (INCLUDING BUT NOT LIMITED TO
    91                           ; PROCUREMENT OF SUBSTITUTE GOODS OR SERVICES; LOSS OF USE, DATA OR PROFITS; OR BUSINESS
    92                           ; INTERRUPTION) HOWSOEVER CAUSED AND ON ANY THEORY OF LIABILITY, WHETHER IN CONTRACT, STRICT
    93                           ; LIABILITY, OR TORT (INCLUDING NEGLIGENCE OR OTHERWISE) ARISING IN ANY WAY OUT OF THE USE OF
    94                           ; THIS SOFTWARE, EVEN IF ADVISED OF THE POSSIBILITY OF SUCH DAMAGE.
    95                           ; 
    96                           ; 
    97                           ; Code-generator required, PIC18F45K22 Definitions
    98                           ; 
    99                           ; SFR Addresses
   100   000FE0                     bsr             equ	4064
   101   000FE9                     fsr0            equ	4073
   102   000FEA                     fsr0h           equ	4074
   103   000FE9                     fsr0l           equ	4073
   104   000FE1                     fsr1            equ	4065
   105   000FE2                     fsr1h           equ	4066
   106   000FE1                     fsr1l           equ	4065
   107   000FD9                     fsr2            equ	4057
   108   000FDA                     fsr2h           equ	4058
   109   000FD9                     fsr2l           equ	4057
   110   000FEF                     indf0           equ	4079
   111   000FE7                     indf1           equ	4071
   112   000FDF                     indf2           equ	4063
   113   000FF2                     intcon          equ	4082
   114   000000                     nvmcon          equ	0
   115   000FF9                     pcl             equ	4089
   116   000FFA                     pclath          equ	4090
   117   000FFB                     pclatu          equ	4091
   118   000FEB                     plusw0          equ	4075
   119   000FE3                     plusw1          equ	4067
   120   000FDB                     plusw2          equ	4059
   121   000FED                     postdec0        equ	4077
   122   000FE5                     postdec1        equ	4069
   123   000FDD                     postdec2        equ	4061
   124   000FEE                     postinc0        equ	4078
   125   000FE6                     postinc1        equ	4070
   126   000FDE                     postinc2        equ	4062
   127   000FEC                     preinc0         equ	4076
   128   000FE4                     preinc1         equ	4068
   129   000FDC                     preinc2         equ	4060
   130   000FF3                     prod            equ	4083
   131   000FF4                     prodh           equ	4084
   132   000FF3                     prodl           equ	4083
   133   000FD8                     status          equ	4056
   134   000FF5                     tablat          equ	4085
   135   000FF6                     tblptr          equ	4086
   136   000FF7                     tblptrh         equ	4087
   137   000FF6                     tblptrl         equ	4086
   138   000FF8                     tblptru         equ	4088
   139   000FFD                     tosl            equ	4093
   140   000FE8                     wreg            equ	4072
   141   000001                     pic18cxx        equ	1
   142                           
   143                           	psect	smallconst
   144   000000                     __smallconst:
   145                           	callstack 0
   146                           
   147                           	psect	mediumconst
   148   0078D2                     __mediumconst:
   149                           	callstack 0	; top of RAM usage
   150                           
   151                           	psect	reset_vec
   152   000000                     
   153                           ; No powerup routine
   154                           ; jump to start
   155   000000  EF22  F000         	goto	start
   156   000060                     __accesstop     equ	96
   157                           
   158                           ;Initialize the stack pointer (FSR1)
   159   000000                     stacklo         equ	0
   160   000000                     stackhi         equ	0
   161                           
   162                           	psect	init
   163   000044                     start:
   164                           	callstack 0
   165   000044  EF8F  F013         	goto	start_initialization	;jump to C runtime clear & initialization
   166                           
   167                           	psect	text
   168   000000                     intlevel0:
   169                           	callstack 0
   170   000000                     intlevel1:
   171                           	callstack 0
   172   000000                     intlevel2:
   173                           	callstack 0
   174   000000                     intlevel3:
   175                           	callstack 0
   176                           
   177                           	psect	ramtop
   178   000600                     __ramtop:
   179                           	callstack 0
   180                           
   181                           	psect	stack
   182   000000                     ___sp:
   183                           	callstack 0
   184   000000                     ___inthi_sp:
   185                           	callstack 0
   186   000000                     ___intlo_sp:
   187                           	callstack 0
   188   000000                     ___stack_lo:
   189                           	callstack 0
   190   000000                     ___stack_hi:
   191                           	callstack 0
   192   000000                     ___inthi_stack_lo:
   193                           	callstack 0
   194   000000                     ___inthi_stack_hi:
   195                           	callstack 0
   196   000000                     ___intlo_stack_lo:
   197                           	callstack 0
   198   000000                     ___intlo_stack_hi:
   199                           	callstack 0
   200                           
   201                           ; No heap to be allocated
   202                           
   203                           	psect	heap
   204   000000                     ___heap_lo      equ	0
   205   000000                     ___heap_hi      equ	0
   206                           tosu	equ	0xFFF
   207                           tosh	equ	0xFFE
   208                           tosl	equ	0xFFD
   209                           stkptr	equ	0xFFC
   210                           pclatu	equ	0xFFB
   211                           pclath	equ	0xFFA
   212                           pcl	equ	0xFF9
   213                           tblptru	equ	0xFF8
   214                           tblptrh	equ	0xFF7
   215                           tblptrl	equ	0xFF6
   216                           tablat	equ	0xFF5
   217                           prodh	equ	0xFF4
   218                           prodl	equ	0xFF3
   219                           indf0	equ	0xFEF
   220                           postinc0	equ	0xFEE
   221                           postdec0	equ	0xFED
   222                           preinc0	equ	0xFEC
   223                           plusw0	equ	0xFEB
   224                           fsr0h	equ	0xFEA
   225                           fsr0l	equ	0xFE9
   226                           wreg	equ	0xFE8
   227                           indf1	equ	0xFE7
   228                           postinc1	equ	0xFE6
   229                           postdec1	equ	0xFE5
   230                           preinc1	equ	0xFE4
   231                           plusw1	equ	0xFE3
   232                           fsr1h	equ	0xFE2
   233                           fsr1l	equ	0xFE1
   234                           bsr	equ	0xFE0
   235                           indf2	equ	0xFDF
   236                           postinc2	equ	0xFDE
   237                           postdec2	equ	0xFDD
   238                           preinc2	equ	0xFDC
   239                           plusw2	equ	0xFDB
   240                           fsr2h	equ	0xFDA
   241                           fsr2l	equ	0xFD9
   242                           status	equ	0xFD8


Microchip Technology PIC18 Macro Assembler V2.50 build 20240725155939 
Symbol Table                                                                                               Fri Dec 20 22:58:57 2024

                __S1 02D8                 ___sp 0000                 _main 0A72                 start 0044  
              __HRAM 0000                __LRAM 0001               isa$std 0001     ___inthi_stack_hi 0000  
   ___inthi_stack_lo 0000         __mediumconst 78D2               stackhi 0000               stacklo 0000  
         __accesstop 0060           ___inthi_sp 0000           ___intlo_sp 0000           ___stack_hi 0000  
         ___stack_lo 0000     ___intlo_stack_hi 0000     ___intlo_stack_lo 0000              __ramtop 0600  
start_initialization 271E            ___heap_hi 0000            ___heap_lo 0000          __smallconst 0000  
           isa$xinst 0000             intlevel0 0000             intlevel1 0000             intlevel2 0000  
           intlevel3 0000             reset_vec 0000  
